╭─ loss [8.8.8.8] ─────────────────────────────────────────────────────────╮
│                                                                          │
│  ✓ No packet loss detected                                               │
│  100/100 packets · 0.00% loss · jitter 1.4 ms                            │
│                                                                          │
│  0.0%                     0                        1.4ms                 │
│  LOSS                     DROPPED                  JITTER                │
│                                                                          │
│  test ran 8s                                                             │
│                                                                          │
╰──────────────────────────────────────────────────────────────────────────╯
