╭────────────────────────╮
│                        │
│  ✓ Connection is       │
│  healthy               │
│  22 ms average ·       │
│  jitter 3.0 ms · 10    │
│  samples               │
│                        │
│  22ms                  │
│  AVG LATENCY           │
│                        │
│  51ms                  │
│  WORST CASE            │
│                        │
│  3ms                   │
│  JITTER                │
│                        │
╰────────────────────────╯
